Archive member included to satisfy reference by file (symbol)

/opt/st/stm32cubeide_1.19.0/plugins/com.st.stm32cube.ide.mcu.externaltools.gnu-tools-for-stm32.13.3.rel1.linux64_1.0.0.202410170706/tools/bin/../lib/gcc/arm-none-eabi/13.3.1/../../../../arm-none-eabi/lib/thumb/v7e-m+fp/hard/libc_nano.a(libc_a-atoi.o)
                              ./drivers/Src/stm32l476xx_usart_driver.o (atoi)
/opt/st/stm32cubeide_1.19.0/plugins/com.st.stm32cube.ide.mcu.externaltools.gnu-tools-for-stm32.13.3.rel1.linux64_1.0.0.202410170706/tools/bin/../lib/gcc/arm-none-eabi/13.3.1/../../../../arm-none-eabi/lib/thumb/v7e-m+fp/hard/libc_nano.a(libc_a-exit.o)
                              /opt/st/stm32cubeide_1.19.0/plugins/com.st.stm32cube.ide.mcu.externaltools.gnu-tools-for-stm32.13.3.rel1.linux64_1.0.0.202410170706/tools/bin/../lib/gcc/arm-none-eabi/13.3.1/../../../../arm-none-eabi/lib/thumb/v7e-m+fp/hard/crt0.o (exit)
/opt/st/stm32cubeide_1.19.0/plugins/com.st.stm32cube.ide.mcu.externaltools.gnu-tools-for-stm32.13.3.rel1.linux64_1.0.0.202410170706/tools/bin/../lib/gcc/arm-none-eabi/13.3.1/../../../../arm-none-eabi/lib/thumb/v7e-m+fp/hard/libc_nano.a(libc_a-strtol.o)
                              /opt/st/stm32cubeide_1.19.0/plugins/com.st.stm32cube.ide.mcu.externaltools.gnu-tools-for-stm32.13.3.rel1.linux64_1.0.0.202410170706/tools/bin/../lib/gcc/arm-none-eabi/13.3.1/../../../../arm-none-eabi/lib/thumb/v7e-m+fp/hard/libc_nano.a(libc_a-atoi.o) (_strtol_r)
/opt/st/stm32cubeide_1.19.0/plugins/com.st.stm32cube.ide.mcu.externaltools.gnu-tools-for-stm32.13.3.rel1.linux64_1.0.0.202410170706/tools/bin/../lib/gcc/arm-none-eabi/13.3.1/../../../../arm-none-eabi/lib/thumb/v7e-m+fp/hard/libc_nano.a(libc_a-ctype_.o)
                              /opt/st/stm32cubeide_1.19.0/plugins/com.st.stm32cube.ide.mcu.externaltools.gnu-tools-for-stm32.13.3.rel1.linux64_1.0.0.202410170706/tools/bin/../lib/gcc/arm-none-eabi/13.3.1/../../../../arm-none-eabi/lib/thumb/v7e-m+fp/hard/libc_nano.a(libc_a-strtol.o) (_ctype_)
/opt/st/stm32cubeide_1.19.0/plugins/com.st.stm32cube.ide.mcu.externaltools.gnu-tools-for-stm32.13.3.rel1.linux64_1.0.0.202410170706/tools/bin/../lib/gcc/arm-none-eabi/13.3.1/../../../../arm-none-eabi/lib/thumb/v7e-m+fp/hard/libc_nano.a(libc_a-findfp.o)
                              /opt/st/stm32cubeide_1.19.0/plugins/com.st.stm32cube.ide.mcu.externaltools.gnu-tools-for-stm32.13.3.rel1.linux64_1.0.0.202410170706/tools/bin/../lib/gcc/arm-none-eabi/13.3.1/../../../../arm-none-eabi/lib/thumb/v7e-m+fp/hard/libc_nano.a(libc_a-exit.o) (__stdio_exit_handler)
/opt/st/stm32cubeide_1.19.0/plugins/com.st.stm32cube.ide.mcu.externaltools.gnu-tools-for-stm32.13.3.rel1.linux64_1.0.0.202410170706/tools/bin/../lib/gcc/arm-none-eabi/13.3.1/../../../../arm-none-eabi/lib/thumb/v7e-m+fp/hard/libc_nano.a(libc_a-fwalk.o)
                              /opt/st/stm32cubeide_1.19.0/plugins/com.st.stm32cube.ide.mcu.externaltools.gnu-tools-for-stm32.13.3.rel1.linux64_1.0.0.202410170706/tools/bin/../lib/gcc/arm-none-eabi/13.3.1/../../../../arm-none-eabi/lib/thumb/v7e-m+fp/hard/libc_nano.a(libc_a-findfp.o) (_fwalk_sglue)
/opt/st/stm32cubeide_1.19.0/plugins/com.st.stm32cube.ide.mcu.externaltools.gnu-tools-for-stm32.13.3.rel1.linux64_1.0.0.202410170706/tools/bin/../lib/gcc/arm-none-eabi/13.3.1/../../../../arm-none-eabi/lib/thumb/v7e-m+fp/hard/libc_nano.a(libc_a-stdio.o)
                              /opt/st/stm32cubeide_1.19.0/plugins/com.st.stm32cube.ide.mcu.externaltools.gnu-tools-for-stm32.13.3.rel1.linux64_1.0.0.202410170706/tools/bin/../lib/gcc/arm-none-eabi/13.3.1/../../../../arm-none-eabi/lib/thumb/v7e-m+fp/hard/libc_nano.a(libc_a-findfp.o) (__sread)
/opt/st/stm32cubeide_1.19.0/plugins/com.st.stm32cube.ide.mcu.externaltools.gnu-tools-for-stm32.13.3.rel1.linux64_1.0.0.202410170706/tools/bin/../lib/gcc/arm-none-eabi/13.3.1/../../../../arm-none-eabi/lib/thumb/v7e-m+fp/hard/libc_nano.a(libc_a-memset.o)
                              /opt/st/stm32cubeide_1.19.0/plugins/com.st.stm32cube.ide.mcu.externaltools.gnu-tools-for-stm32.13.3.rel1.linux64_1.0.0.202410170706/tools/bin/../lib/gcc/arm-none-eabi/13.3.1/../../../../arm-none-eabi/lib/thumb/v7e-m+fp/hard/crt0.o (memset)
/opt/st/stm32cubeide_1.19.0/plugins/com.st.stm32cube.ide.mcu.externaltools.gnu-tools-for-stm32.13.3.rel1.linux64_1.0.0.202410170706/tools/bin/../lib/gcc/arm-none-eabi/13.3.1/../../../../arm-none-eabi/lib/thumb/v7e-m+fp/hard/libc_nano.a(libc_a-closer.o)
                              /opt/st/stm32cubeide_1.19.0/plugins/com.st.stm32cube.ide.mcu.externaltools.gnu-tools-for-stm32.13.3.rel1.linux64_1.0.0.202410170706/tools/bin/../lib/gcc/arm-none-eabi/13.3.1/../../../../arm-none-eabi/lib/thumb/v7e-m+fp/hard/libc_nano.a(libc_a-stdio.o) (_close_r)
/opt/st/stm32cubeide_1.19.0/plugins/com.st.stm32cube.ide.mcu.externaltools.gnu-tools-for-stm32.13.3.rel1.linux64_1.0.0.202410170706/tools/bin/../lib/gcc/arm-none-eabi/13.3.1/../../../../arm-none-eabi/lib/thumb/v7e-m+fp/hard/libc_nano.a(libc_a-reent.o)
[...]
Memory Configuration

Name             Origin             Length             Attributes
RAM              0x20000000         0x00018000         xrw
SRAM2            0x10000000         0x00008000         xrw
FLASH            0x08000000         0x00100000         xr
*default*        0x00000000         0xffffffff

Linker script and memory map

LOAD /opt/st/stm32cubeide_1.19.0/plugins/com.st.stm32cube.ide.mcu.externaltools.gnu-tools-for-stm32.13.3.rel1.linux64_1.0.0.202410170706/tools/bin/../lib/gcc/arm-none-eabi/13.3.1/thumb/v7e-m+fp/hard/crti.o
LOAD /opt/st/stm32cubeide_1.19.0/plugins/com.st.stm32cube.ide.mcu.externaltools.gnu-tools-for-stm32.13.3.rel1.linux64_1.0.0.202410170706/tools/bin/../lib/gcc/arm-none-eabi/13.3.1/thumb/v7e-m+fp/hard/crtbegin.o
LOAD /opt/st/stm32cubeide_1.19.0/plugins/com.st.stm32cube.ide.mcu.externaltools.gnu-tools-for-stm32.13.3.rel1.linux64_1.0.0.202410170706/tools/bin/../lib/gcc/arm-none-eabi/13.3.1/../../../../arm-none-eabi/lib/thumb/v7e-m+fp/hard/crt0.o
LOAD ./Src/PWM_Generation.o
LOAD ./Src/syscalls.o
LOAD ./Src/sysmem.o
LOAD ./Startup/startup_stm32l476rgtx.o
LOAD ./drivers/Src/stm32l476xx_TIMx_driver.o
LOAD ./drivers/Src/stm32l476xx_adc_driver.o
LOAD ./drivers/Src/stm32l476xx_gpio_driver.o
LOAD ./drivers/Src/stm32l476xx_usart_driver.o
LOAD ./drivers/Src/systick.o
START GROUP
LOAD /opt/st/stm32cubeide_1.19.0/plugins/com.st.stm32cube.ide.mcu.externaltools.gnu-tools-for-stm32.13.3.rel1.linux64_1.0.0.202410170706/tools/bin/../lib/gcc/arm-none-eabi/13.3.1/../../../../arm-none-eabi/lib/thumb/v7e-m+fp/hard/libc_nano.a
LOAD /opt/st/stm32cubeide_1.19.0/plugins/com.st.stm32cube.ide.mcu.externaltools.gnu-tools-for-stm32.13.3.rel1.linux64_1.0.0.202410170706/tools/bin/../lib/gcc/arm-none-eabi/13.3.1/../../../../arm-none-eabi/lib/thumb/v7e-m+fp/hard/libm.a
END GROUP
START GROUP
LOAD /opt/st/stm32cubeide_1.19.0/plugins/com.st.stm32cube.ide.mcu.externaltools.gnu-tools-for-stm32.13.3.rel1.linux64_1.0.0.202410170706/tools/bin/../lib/gcc/arm-none-eabi/13.3.1/thumb/v7e-m+fp/hard/libgcc.a
LOAD /opt/st/stm32cubeide_1.19.0/plugins/com.st.stm32cube.ide.mcu.externaltools.gnu-tools-for-stm32.13.3.rel1.linux64_1.0.0.202410170706/tools/bin/../lib/gcc/arm-none-eabi/13.3.1/../../../../arm-none-eabi/lib/thumb/v7e-m+fp/hard/libc_nano.a
END GROUP
START GROUP
LOAD /opt/st/stm32cubeide_1.19.0/plugins/com.st.stm32cube.ide.mcu.externaltools.gnu-tools-for-stm32.13.3.rel1.linux64_1.0.0.202410170706/tools/bin/../lib/gcc/arm-none-eabi/13.3.1/thumb/v7e-m+fp/hard/libgcc.a
LOAD /opt/st/stm32cubeide_1.19.0/plugins/com.st.stm32cube.ide.mcu.externaltools.gnu-tools-for-stm32.13.3.rel1.linux64_1.0.0.202410170706/tools/bin/../lib/gcc/arm-none-eabi/13.3.1/../../../../arm-none-eabi/lib/thumb/v7e-m+fp/hard/libc_nano.a
LOAD /opt/st/stm32cubeide_1.19.0/plugins/com.st.stm32cube.ide.mcu.externaltools.gnu-tools-for-stm32.13.3.rel1.linux64_1.0.0.202410170706/tools/bin/../lib/gcc/arm-none-eabi/13.3.1/../../../../arm-none-eabi/lib/thumb/v7e-m+fp/hard/libnosys.a
END GROUP
START GROUP
LOAD /opt/st/stm32cubeide_1.19.0/plugins/com.st.stm32cube.ide.mcu.externaltools.gnu-tools-for-stm32.13.3.rel1.linux64_1.0.0.202410170706/tools/bin/../lib/gcc/arm-none-eabi/13.3.1/thumb/v7e-m+fp/hard/libgcc.a
LOAD /opt/st/stm32cubeide_1.19.0/plugins/com.st.stm32cube.ide.mcu.externaltools.gnu-tools-for-stm32.13.3.rel1.linux64_1.0.0.202410170706/tools/bin/../lib/gcc/arm-none-eabi/13.3.1/../../../../arm-none-eabi/lib/thumb/v7e-m+fp/hard/libc_nano.a
LOAD /opt/st/stm32cubeide_1.19.0/plugins/com.st.stm32cube.ide.mcu.externaltools.gnu-tools-for-stm32.13.3.rel1.linux64_1.0.0.202410170706/tools/bin/../lib/gcc/arm-none-eabi/13.3.1/../../../../arm-none-eabi/lib/thumb/v7e-m+fp/hard/libnosys.a
END GROUP
LOAD /opt/st/stm32cubeide_1.19.0/plugins/com.st.stm32cube.ide.mcu.externaltools.gnu-tools-for-stm32.13.3.rel1.linux64_1.0.0.202410170706/tools/bin/../lib/gcc/arm-none-eabi/13.3.1/thumb/v7e-m+fp/hard/crtend.o
LOAD /opt/st/stm32cubeide_1.19.0/plugins/com.st.stm32cube.ide.mcu.externaltools.gnu-tools-for-stm32.13.3.rel1.linux64_1.0.0.202410170706/tools/bin/../lib/gcc/arm-none-eabi/13.3.1/thumb/v7e-m+fp/hard/crtn.o
                0x20018000                        _estack = (ORIGIN (RAM) + LENGTH (RAM))
                0x00000200                        _Min_Heap_Size = 0x200
                0x00000400                        _Min_Stack_Size = 0x400

.isr_vector     0x08000000      0x18c
                0x08000000                        . = ALIGN (0x4)
 *(.isr_vector)
 .isr_vector    0x08000000      0x18c ./Startup/startup_stm32l476rgtx.o
                0x08000000                g_pfnVectors
                0x0800018c                        . = ALIGN (0x4)

.text           0x0800018c     0x1038
                0x0800018c                        . = ALIGN (0x4)
 *(.text)
 .text          0x0800018c       0x40 /opt/st/stm32cubeide_1.19.0/plugins/com.st.stm32cube.ide.mcu.externaltools.gnu-tools-for-stm32.13.3.rel1.linux64_1.0.0.202410170706/tools/bin/../lib/gcc/arm-none-eabi/13.3.1/thumb/v7e-m+fp/hard/crtbegin.o
 *(.text*)
 .text.main     0x080001cc       0xd4 ./Src/PWM_Generation.o
                0x080001cc                main
 .text.Reset_Handler
                0x080002a0       0x50 ./Startup/startup_stm32l476rgtx.o
                0x080002a0                Reset_Handler
 .text.Default_Handler
                0x080002f0        0x2 ./Startup/startup_stm32l476rgtx.o
                0x080002f0                EXTI2_IRQHandler
                0x080002f0                TIM8_TRG_COM_IRQHandler
                0x080002f0                TIM8_CC_IRQHandler
                0x080002f0                DebugMon_Handler
                0x080002f0                DMA1_CH4_IRQHandler
                0x080002f0                TIM1_CC_IRQHandler
                0x080002f0                TSC_IRQHandler
                0x080002f0                HardFault_Handler
                0x080002f0                TAMP_STAMP_IRQHandler
                0x080002f0                PendSV_Handler
                0x080002f0                NMI_Handler
                0x080002f0                EXTI3_IRQHandler
                0x080002f0                LPTIM2_IRQHandler
                0x080002f0                DFSDM1_FLT1_IRQHandler
                0x080002f0                I2C3_ER_IRQHandler
                0x080002f0                DFSDM1_FLT2_IRQHandler
                0x080002f0                TIM6_DACUNDER_IRQHandler
                0x080002f0                EXTI0_IRQHandler
                0x080002f0                I2C2_EV_IRQHandler
                0x080002f0                DMA2_CH1_IRQHandler
                0x080002f0                CAN1_RX0_IRQHandler
                0x080002f0                FPU_IRQHandler
                0x080002f0                TIM1_UP_TIM16_IRQHandler
                0x080002f0                DMA2_CH7_IRQHandler
                0x080002f0                UsageFault_Handler
                0x080002f0                ADC1_2_IRQHandler
                0x080002f0                SPI1_IRQHandler
                0x080002f0                DMA1_CH7_IRQHandler
                0x080002f0                TIM8_UP_IRQHandler
                0x080002f0                RTC_ALARM_IRQHandler
                0x080002f0                SAI2_IRQHandler
                0x080002f0                DFSDM1_FLT3_IRQHandler
                0x080002f0                DMA1_CH6_IRQHandler
                0x080002f0                USART3_IRQHandler
                0x080002f0                CAN1_RX1_IRQHandler
                0x080002f0                LCD_IRQHandler
                0x080002f0                UART5_IRQHandler
                0x080002f0                ADC3_IRQHandler
                0x080002f0                TIM4_IRQHandler
                0x080002f0                QUADSPI_IRQHandler
                0x080002f0                I2C1_EV_IRQHandler
                0x080002f0                DMA2_CH5_IRQHandler
                0x080002f0                UART4_IRQHandler
                0x080002f0                DMA1_CH3_IRQHandler
                0x080002f0                TIM3_IRQHandler
                0x080002f0                RCC_IRQHandler
                0x080002f0                Default_Handler
                0x080002f0                EXTI15_10_IRQHandler
                0x080002f0                TIM7_IRQHandler
                0x080002f0                SDMMC1_IRQHandler
                0x080002f0                TIM5_IRQHandler
                0x080002f0                I2C3_EV_IRQHandler
                0x080002f0                EXTI9_5_IRQHandler
                0x080002f0                DMA1_CH2_IRQHandler
                0x080002f0                RTC_WKUP_IRQHandler
                0x080002f0                PVD_PVM_IRQHandler
                0x080002f0                SPI2_IRQHandler
                0x080002f0                DMA1_CH1_IRQHandler
                0x080002f0                MemManage_Handler
                0x080002f0                CAN1_TX_IRQHandler
                0x080002f0                SVC_Handler
                0x080002f0                CRS_IRQHandler
                0x080002f0                EXTI4_IRQHandler
                0x080002f0                RNG_IRQHandler
                0x080002f0                TIM1_TRG_COM_TIM17_IRQHandler
                0x080002f0                COMP_IRQHandler
                0x080002f0                WWDG_IRQHandler
                0x080002f0                LPUART1_IRQHandler
                0x080002f0                TIM2_IRQHandler
                0x080002f0                EXTI1_IRQHandler
                0x080002f0                USART2_IRQHandler
                0x080002f0                DFSDM1_FLT0_IRQHandler
                0x080002f0                I2C2_ER_IRQHandler
                0x080002f0                TIM8_BRK_IRQHandler
                0x080002f0                CAN1_SCE_IRQHandler
                0x080002f0                FLASH_IRQHandler
                0x080002f0                BusFault_Handler
                0x080002f0                USART1_IRQHandler
                0x080002f0                OTG_FS_IRQHandler
                0x080002f0                SPI3_IRQHandler
                0x080002f0                DMA2_CH6_IRQHandler
                0x080002f0                DMA2_CH3_IRQHandler
                0x080002f0                DMA2_CH2_IRQHandler
                0x080002f0                I2C1_ER_IRQHandler
                0x080002f0                FMC_IRQHandler
                0x080002f0                DMA1_CH5_IRQHandler
                0x080002f0                DMA2_CH4_IRQHandler
                0x080002f0                SWPMI1_IRQHandler
                0x080002f0                LPTIM1_IRQHandler
                0x080002f0                SAI1_IRQHandler
                0x080002f0                TIM1_BRK_TIM15_IRQHandler
 *fill*         0x080002f2        0x2 
 .text.PWM_TIM2_Init
                0x080002f4      0x118 ./drivers/Src/stm32l476xx_TIMx_driver.o
                0x080002f4                PWM_TIM2_Init
 .text.PWM_TIM3_Init
                0x0800040c      0x1f4 ./drivers/Src/stm32l476xx_TIMx_driver.o
                0x0800040c                PWM_TIM3_Init
 .text.GPIO_Periph_ClockControl
                0x08000600      0x19c ./drivers/Src/stm32l476xx_gpio_driver.o
                0x08000600                GPIO_Periph_ClockControl
 .text.GPIO_Init
                0x0800079c      0x378 ./drivers/Src/stm32l476xx_gpio_driver.o
                0x0800079c                GPIO_Init
 .text.USART_Init
                0x08000b14      0x348 ./drivers/Src/stm32l476xx_usart_driver.o
                0x08000b14                USART_Init
 .text.USART_ReceiveChar
                0x08000e5c       0x4c ./drivers/Src/stm32l476xx_usart_driver.o
                0x08000e5c                USART_ReceiveChar
 .text.USART_ReceiveLine
                0x08000ea8       0x70 ./drivers/Src/stm32l476xx_usart_driver.o
                0x08000ea8                USART_ReceiveLine
 .text.USART_ParseData
                0x08000f18       0x44 ./drivers/Src/stm32l476xx_usart_driver.o
                0x08000f18                USART_ParseData
 .text.USART_ServoCommand
                0x08000f5c       0xa0 ./drivers/Src/stm32l476xx_usart_driver.o
                0x08000f5c                USART_ServoCommand
 .text.SysTick_Init
                0x08000ffc       0x30 ./drivers/Src/systick.o
                0x08000ffc                SysTick_Init
 .text.SysTick_Handler
                0x0800102c       0x1c ./drivers/Src/systick.o
                0x0800102c                SysTick_Handler
 .text.atoi     0x08001048        0x8 /opt/st/stm32cubeide_1.19.0/plugins/com.st.stm32cube.ide.mcu.externaltools.gnu-tools-for-stm32.13.3.rel1.linux64_1.0.0.202410170706/tools/bin/../lib/gcc/arm-none-eabi/13.3.1/../../../../arm-none-eabi/lib/thumb/v7e-m+fp/hard/libc_nano.a(libc_a-atoi.o)
                0x08001048                atoi
 .text._strtol_l.isra.0
                0x08001050       0xf4 /opt/st/stm32cubeide_1.19.0/plugins/com.st.stm32cube.ide.mcu.externaltools.gnu-tools-for-stm32.13.3.rel1.linux64_1.0.0.202410170706/tools/bin/../lib/gcc/arm-none-eabi/13.3.1/../../../../arm-none-eabi/lib/thumb/v7e-m+fp/hard/libc_nano.a(libc_a-strtol.o)
 .text.strtol   0x08001144       0x14 /opt/st/stm32cubeide_1.19.0/plugins/com.st.stm32cube.ide.mcu.externaltools.gnu-tools-for-stm32.13.3.rel1.linux64_1.0.0.202410170706/tools/bin/../lib/gcc/arm-none-eabi/13.3.1/../../../../arm-none-eabi/lib/thumb/v7e-m+fp/hard/libc_nano.a(libc_a-strtol.o)
                0x08001144                strtol
 .text.__errno  0x08001158        0xc /opt/st/stm32cubeide_1.19.0/plugins/com.st.stm32cube.ide.mcu.externaltools.gnu-tools-for-stm32.13.3.rel1.linux64_1.0.0.202410170706/tools/bin/../lib/gcc/arm-none-eabi/13.3.1/../../../../arm-none-eabi/lib/thumb/v7e-m+fp/hard/libc_nano.a(libc_a-errno.o)
                0x08001158                __errno
 .text.__libc_init_array
                0x08001164       0x48 /opt/st/stm32cubeide_1.19.0/plugins/com.st.stm32cube.ide.mcu.externaltools.gnu-tools-for-stm32.13.3.rel1.linux64_1.0.0.202410170706/tools/bin/../lib/gcc/arm-none-eabi/13.3.1/../../../../arm-none-eabi/lib/thumb/v7e-m+fp/hard/libc_nano.a(libc_a-init.o)
                0x08001164                __libc_init_array
 *(.glue_7)
 .glue_7        0x080011ac        0x0 linker stubs
 *(.glue_7t)
 .glue_7t       0x080011ac        0x0 linker stubs
 *(.eh_frame)
 .eh_frame      0x080011ac        0x0 /opt/st/stm32cubeide_1.19.0/plugins/com.st.stm32cube.ide.mcu.externaltools.gnu-tools-for-stm32.13.3.rel1.linux64_1.0.0.202410170706/tools/bin/../lib/gcc/arm-none-eabi/13.3.1/thumb/v7e-m+fp/hard/crtbegin.o
 *(.init)
 .init          0x080011ac        0x4 /opt/st/stm32cubeide_1.19.0/plugins/com.st.stm32cube.ide.mcu.externaltools.gnu-tools-for-stm32.13.3.rel1.linux64_1.0.0.202410170706/tools/bin/../lib/gcc/arm-none-eabi/13.3.1/thumb/v7e-m+fp/hard/crti.o
                0x080011ac                _init
 .init          0x080011b0        0x8 /opt/st/stm32cubeide_1.19.0/plugins/com.st.stm32cube.ide.mcu.externaltools.gnu-tools-for-stm32.13.3.rel1.linux64_1.0.0.202410170706/tools/bin/../lib/gcc/arm-none-eabi/13.3.1/thumb/v7e-m+fp/hard/crtn.o
 *(.fini)
 .fini          0x080011b8        0x4 /opt/st/stm32cubeide_1.19.0/plugins/com.st.stm32cube.ide.mcu.externaltools.gnu-tools-for-stm32.13.3.rel1.linux64_1.0.0.202410170706/tools/bin/../lib/gcc/arm-none-eabi/13.3.1/thumb/v7e-m+fp/hard/crti.o
                0x080011b8                _fini
 .fini          0x080011bc        0x8 /opt/st/stm32cubeide_1.19.0/plugins/com.st.stm32cube.ide.mcu.externaltools.gnu-tools-for-stm32.13.3.rel1.linux64_1.0.0.202410170706/tools/bin/../lib/gcc/arm-none-eabi/13.3.1/thumb/v7e-m+fp/hard/crtn.o
                0x080011c4                        . = ALIGN (0x4)
                0x080011c4                        _etext = .

.vfp11_veneer   0x080011c4        0x0
 .vfp11_veneer  0x080011c4        0x0 linker stubs

.v4_bx          0x080011c4        0x0
 .v4_bx         0x080011c4        0x0 linker stubs

.iplt           0x080011c4        0x0
 .iplt          0x080011c4        0x0 /opt/st/stm32cubeide_1.19.0/plugins/com.st.stm32cube.ide.mcu.externaltools.gnu-tools-for-stm32.13.3.rel1.linux64_1.0.0.202410170706/tools/bin/../lib/gcc/arm-none-eabi/13.3.1/thumb/v7e-m+fp/hard/crtbegin.o

.rodata         0x080011c4      0x104
                0x080011c4                        . = ALIGN (0x4)
 *(.rodata)
 *(.rodata*)
 .rodata._ctype_
                0x080011c4      0x101 /opt/st/stm32cubeide_1.19.0/plugins/com.st.stm32cube.ide.mcu.externaltools.gnu-tools-for-stm32.13.3.rel1.linux64_1.0.0.202410170706/tools/bin/../lib/gcc/arm-none-eabi/13.3.1/../../../../arm-none-eabi/lib/thumb/v7e-m+fp/hard/libc_nano.a(libc_a-ctype_.o)
                0x080011c4                _ctype_
                0x080012c8                        . = ALIGN (0x4)
 *fill*         0x080012c5        0x3 

.ARM.extab      0x080012c8        0x0
                0x080012c8                        . = ALIGN (0x4)
 *(.ARM.extab* .gnu.linkonce.armextab.*)
                0x080012c8                        . = ALIGN (0x4)

.ARM            0x080012c8        0x0
                0x080012c8                        . = ALIGN (0x4)
                0x080012c8                        __exidx_start = .
 *(.ARM.exidx*)
                0x080012c8                        __exidx_end = .
                0x080012c8                        . = ALIGN (0x4)

.preinit_array  0x080012c8        0x0
                0x080012c8                        . = ALIGN (0x4)
                0x080012c8                        PROVIDE (__preinit_array_start = .)
 *(.preinit_array*)
                0x080012c8                        PROVIDE (__preinit_array_end = .)
                0x080012c8                        . = ALIGN (0x4)

.init_array     0x080012c8        0x4
                0x080012c8                        . = ALIGN (0x4)
                0x080012c8                        PROVIDE (__init_array_start = .)
 *(SORT_BY_NAME(.init_array.*))
 *(.init_array*)
 .init_array    0x080012c8        0x4 /opt/st/stm32cubeide_1.19.0/plugins/com.st.stm32cube.ide.mcu.externaltools.gnu-tools-for-stm32.13.3.rel1.linux64_1.0.0.202410170706/tools/bin/../lib/gcc/arm-none-eabi/13.3.1/thumb/v7e-m+fp/hard/crtbegin.o
                0x080012cc                        PROVIDE (__init_array_end = .)
                0x080012cc                        . = ALIGN (0x4)

.fini_array     0x080012cc        0x4
                0x080012cc                        . = ALIGN (0x4)
                [!provide]                        PROVIDE (__fini_array_start = .)
 *(SORT_BY_NAME(.fini_array.*))
 *(.fini_array*)
 .fini_array    0x080012cc        0x4 /opt/st/stm32cubeide_1.19.0/plugins/com.st.stm32cube.ide.mcu.externaltools.gnu-tools-for-stm32.13.3.rel1.linux64_1.0.0.202410170706/tools/bin/../lib/gcc/arm-none-eabi/13.3.1/thumb/v7e-m+fp/hard/crtbegin.o
                [!provide]                        PROVIDE (__fini_array_end = .)
                0x080012d0                        . = ALIGN (0x4)
                0x080012d0                        _sidata = LOADADDR (.data)

.rel.dyn        0x080012d0        0x0
 .rel.iplt      0x080012d0        0x0 /opt/st/stm32cubeide_1.19.0/plugins/com.st.stm32cube.ide.mcu.externaltools.gnu-tools-for-stm32.13.3.rel1.linux64_1.0.0.202410170706/tools/bin/../lib/gcc/arm-none-eabi/13.3.1/thumb/v7e-m+fp/hard/crtbegin.o

.data           0x20000000       0x50 load address 0x080012d0
                0x20000000                        . = ALIGN (0x4)
                0x20000000                        _sdata = .
 *(.data)
 *(.data*)
 .data._impure_ptr
                0x20000000        0x4 /opt/st/stm32cubeide_1.19.0/plugins/com.st.stm32cube.ide.mcu.externaltools.gnu-tools-for-stm32.13.3.rel1.linux64_1.0.0.202410170706/tools/bin/../lib/gcc/arm-none-eabi/13.3.1/../../../../arm-none-eabi/lib/thumb/v7e-m+fp/hard/libc_nano.a(libc_a-impure.o)
                0x20000000                _impure_ptr
 .data._impure_data
                0x20000004       0x4c /opt/st/stm32cubeide_1.19.0/plugins/com.st.stm32cube.ide.mcu.externaltools.gnu-tools-for-stm32.13.3.rel1.linux64_1.0.0.202410170706/tools/bin/../lib/gcc/arm-none-eabi/13.3.1/../../../../arm-none-eabi/lib/thumb/v7e-m+fp/hard/libc_nano.a(libc_a-impure.o)
                0x20000004                _impure_data
 *(.RamFunc)
 *(.RamFunc*)
                0x20000050                        . = ALIGN (0x4)
                0x20000050                        _edata = .
                0x08001320                        _sisram2 = LOADADDR (.sram2)

.igot.plt       0x20000050        0x0 load address 0x08001320
 .igot.plt      0x20000050        0x0 /opt/st/stm32cubeide_1.19.0/plugins/com.st.stm32cube.ide.mcu.externaltools.gnu-tools-for-stm32.13.3.rel1.linux64_1.0.0.202410170706/tools/bin/../lib/gcc/arm-none-eabi/13.3.1/thumb/v7e-m+fp/hard/crtbegin.o

.sram2          0x10000000        0x0 load address 0x08001320
                0x10000000                        . = ALIGN (0x4)
                0x10000000                        _ssram2 = .
 *(.sram2)
 *(.sram2*)
                0x10000000                        . = ALIGN (0x4)
                0x10000000                        _esram2 = .
                0x10000000                        . = ALIGN (0x4)

.bss            0x20000050      0x158
                0x20000050                        _sbss = .
                0x20000050                        __bss_start__ = _sbss
 *(.bss)
 .bss           0x20000050       0x1c /opt/st/stm32cubeide_1.19.0/plugins/com.st.stm32cube.ide.mcu.externaltools.gnu-tools-for-stm32.13.3.rel1.linux64_1.0.0.202410170706/tools/bin/../lib/gcc/arm-none-eabi/13.3.1/thumb/v7e-m+fp/hard/crtbegin.o
 *(.bss*)
 .bss.msTick    0x2000006c        0x4 ./drivers/Src/systick.o
 .bss.__sf      0x20000070      0x138 /opt/st/stm32cubeide_1.19.0/plugins/com.st.stm32cube.ide.mcu.externaltools.gnu-tools-for-stm32.13.3.rel1.linux64_1.0.0.202410170706/tools/bin/../lib/gcc/arm-none-eabi/13.3.1/../../../../arm-none-eabi/lib/thumb/v7e-m+fp/hard/libc_nano.a(libc_a-findfp.o)
                0x20000070                __sf
 *(COMMON)
                0x200001a8                        . = ALIGN (0x4)
                0x200001a8                        _ebss = .
                0x200001a8                        __bss_end__ = _ebss

._user_heap_stack
                0x200001a8      0x600
                0x200001a8                        . = ALIGN (0x8)
                [!provide]                        PROVIDE (end = .)
                0x200001a8                        PROVIDE (_end = .)
                0x200003a8                        . = (. + _Min_Heap_Size)
 *fill*         0x200001a8      0x200 
                0x200007a8                        . = (. + _Min_Stack_Size)
 *fill*         0x200003a8      0x400 
                0x200007a8                        . = ALIGN (0x8)

/DISCARD/
 libc.a(*)
 libm.a(*)
 libgcc.a(*)

.ARM.attributes
                0x00000000       0x30
 *(.ARM.attributes)
 .ARM.attributes
                0x00000000       0x22 /opt/st/stm32cubeide_1.19.0/plugins/com.st.stm32cube.ide.mcu.externaltools.gnu-tools-for-stm32.13.3.rel1.linux64_1.0.0.202410170706/tools/bin/../lib/gcc/arm-none-eabi/13.3.1/thumb/v7e-m+fp/hard/crti.o
 .ARM.attributes
                0x00000022       0x34 /opt/st/stm32cubeide_1.19.0/plugins/com.st.stm32cube.ide.mcu.externaltools.gnu-tools-for-stm32.13.3.rel1.linux64_1.0.0.202410170706/tools/bin/../lib/gcc/arm-none-eabi/13.3.1/thumb/v7e-m+fp/hard/crtbegin.o
 .ARM.attributes
                0x00000056       0x34 ./Src/PWM_Generation.o
 .ARM.attributes
                0x0000008a       0x21 ./Startup/startup_stm32l476rgtx.o
 .ARM.attributes
                0x000000ab       0x34 ./drivers/Src/stm32l476xx_TIMx_driver.o
 .ARM.attributes
                0x000000df       0x34 ./drivers/Src/stm32l476xx_gpio_driver.o
 .ARM.attributes
                0x00000113       0x34 ./drivers/Src/stm32l476xx_usart_driver.o
 .ARM.attributes
                0x00000147       0x34 ./drivers/Src/systick.o
 .ARM.attributes
                0x0000017b       0x34 /opt/st/stm32cubeide_1.19.0/plugins/com.st.stm32cube.ide.mcu.externaltools.gnu-tools-for-stm32.13.3.rel1.linux64_1.0.0.202410170706/tools/bin/../lib/gcc/arm-none-eabi/13.3.1/../../../../arm-none-eabi/lib/thumb/v7e-m+fp/hard/libc_nano.a(libc_a-atoi.o)
 .ARM.attributes
                0x000001af       0x34 /opt/st/stm32cubeide_1.19.0/plugins/com.st.stm32cube.ide.mcu.externaltools.gnu-tools-for-stm32.13.3.rel1.linux64_1.0.0.202410170706/tools/bin/../lib/gcc/arm-none-eabi/13.3.1/../../../../arm-none-eabi/lib/thumb/v7e-m+fp/hard/libc_nano.a(libc_a-strtol.o)
 .ARM.attributes
                0x000001e3       0x34 /opt/st/stm32cubeide_1.19.0/plugins/com.st.stm32cube.ide.mcu.externaltools.gnu-tools-for-stm32.13.3.rel1.linux64_1.0.0.202410170706/tools/bin/../lib/gcc/arm-none-eabi/13.3.1/../../../../arm-none-eabi/lib/thumb/v7e-m+fp/hard/libc_nano.a(libc_a-ctype_.o)
 .ARM.attributes
                0x00000217       0x34 /opt/st/stm32cubeide_1.19.0/plugins/com.st.stm32cube.ide.mcu.externaltools.gnu-tools-for-stm32.13.3.rel1.linux64_1.0.0.202410170706/tools/bin/../lib/gcc/arm-none-eabi/13.3.1/../../../../arm-none-eabi/lib/thumb/v7e-m+fp/hard/libc_nano.a(libc_a-findfp.o)
 .ARM.attributes
                0x0000024b       0x34 /opt/st/stm32cubeide_1.19.0/plugins/com.st.stm32cube.ide.mcu.externaltools.gnu-tools-for-stm32.13.3.rel1.linux64_1.0.0.202410170706/tools/bin/../lib/gcc/arm-none-eabi/13.3.1/../../../../arm-none-eabi/lib/thumb/v7e-m+fp/hard/libc_nano.a(libc_a-impure.o)
 .ARM.attributes
                0x0000027f       0x34 /opt/st/stm32cubeide_1.19.0/plugins/com.st.stm32cube.ide.mcu.externaltools.gnu-tools-for-stm32.13.3.rel1.linux64_1.0.0.202410170706/tools/bin/../lib/gcc/arm-none-eabi/13.3.1/../../../../arm-none-eabi/lib/thumb/v7e-m+fp/hard/libc_nano.a(libc_a-errno.o)
 .ARM.attributes
                0x000002b3       0x34 /opt/st/stm32cubeide_1.19.0/plugins/com.st.stm32cube.ide.mcu.externaltools.gnu-tools-for-stm32.13.3.rel1.linux64_1.0.0.202410170706/tools/bin/../lib/gcc/arm-none-eabi/13.3.1/../../../../arm-none-eabi/lib/thumb/v7e-m+fp/hard/libc_nano.a(libc_a-init.o)
 .ARM.attributes
                0x000002e7       0x22 /opt/st/stm32cubeide_1.19.0/plugins/com.st.stm32cube.ide.mcu.externaltools.gnu-tools-for-stm32.13.3.rel1.linux64_1.0.0.202410170706/tools/bin/../lib/gcc/arm-none-eabi/13.3.1/thumb/v7e-m+fp/hard/crtn.o
OUTPUT(STM32L4xx_drivers.elf elf32-littlearm)
LOAD linker stubs
LOAD /opt/st/stm32cubeide_1.19.0/plugins/com.st.stm32cube.ide.mcu.externaltools.gnu-tools-for-stm32.13.3.rel1.linux64_1.0.0.202410170706/tools/bin/../lib/gcc/arm-none-eabi/13.3.1/../../../../arm-none-eabi/lib/thumb/v7e-m+fp/hard/libc.a
LOAD /opt/st/stm32cubeide_1.19.0/plugins/com.st.stm32cube.ide.mcu.externaltools.gnu-tools-for-stm32.13.3.rel1.linux64_1.0.0.202410170706/tools/bin/../lib/gcc/arm-none-eabi/13.3.1/../../../../arm-none-eabi/lib/thumb/v7e-m+fp/hard/libm.a
LOAD /opt/st/stm32cubeide_1.19.0/plugins/com.st.stm32cube.ide.mcu.externaltools.gnu-tools-for-stm32.13.3.rel1.linux64_1.0.0.202410170706/tools/bin/../lib/gcc/arm-none-eabi/13.3.1/thumb/v7e-m+fp/hard/libgcc.a

.debug_info     0x00000000     0x1fb8
 .debug_info    0x00000000      0x6bc ./Src/PWM_Generation.o
 .debug_info    0x000006bc       0x30 ./Startup/startup_stm32l476rgtx.o
 .debug_info    0x000006ec      0x61d ./drivers/Src/stm32l476xx_TIMx_driver.o
 .debug_info    0x00000d09      0x81b ./drivers/Src/stm32l476xx_gpio_driver.o
 .debug_info    0x00001524      0x98c ./drivers/Src/stm32l476xx_usart_driver.o
 .debug_info    0x00001eb0      0x108 ./drivers/Src/systick.o

.debug_abbrev   0x00000000      0x6eb
 .debug_abbrev  0x00000000      0x15e ./Src/PWM_Generation.o
 .debug_abbrev  0x0000015e       0x24 ./Startup/startup_stm32l476rgtx.o
 .debug_abbrev  0x00000182      0x157 ./drivers/Src/stm32l476xx_TIMx_driver.o
 .debug_abbrev  0x000002d9      0x17a ./drivers/Src/stm32l476xx_gpio_driver.o
 .debug_abbrev  0x00000453      0x1e2 ./drivers/Src/stm32l476xx_usart_driver.o
 .debug_abbrev  0x00000635       0xb6 ./drivers/Src/systick.o

.debug_aranges  0x00000000      0x180
 .debug_aranges
                0x00000000       0x20 ./Src/PWM_Generation.o
 .debug_aranges
                0x00000020       0x28 ./Startup/startup_stm32l476rgtx.o
 .debug_aranges
                0x00000048       0x28 ./drivers/Src/stm32l476xx_TIMx_driver.o
 .debug_aranges
                0x00000070       0x70 ./drivers/Src/stm32l476xx_gpio_driver.o
 .debug_aranges
                0x000000e0       0x68 ./drivers/Src/stm32l476xx_usart_driver.o
 .debug_aranges
                0x00000148       0x38 ./drivers/Src/systick.o

.debug_rnglists
                0x00000000      0x10c
 .debug_rnglists
                0x00000000       0x14 ./Src/PWM_Generation.o
 .debug_rnglists
                0x00000014       0x19 ./Startup/startup_stm32l476rgtx.o
 .debug_rnglists
                0x0000002d       0x1b ./drivers/Src/stm32l476xx_TIMx_driver.o
 .debug_rnglists
                0x00000048       0x53 ./drivers/Src/stm32l476xx_gpio_driver.o
 .debug_rnglists
                0x0000009b       0x4c ./drivers/Src/stm32l476xx_usart_driver.o
 .debug_rnglists
                0x000000e7       0x25 ./drivers/Src/systick.o

.debug_macro    0x00000000     0x1c60
 .debug_macro   0x00000000       0xea ./Src/PWM_Generation.o
 .debug_macro   0x000000ea      0xae4 ./Src/PWM_Generation.o
 .debug_macro   0x00000bce       0x22 ./Src/PWM_Generation.o
 .debug_macro   0x00000bf0       0x8e ./Src/PWM_Generation.o
 .debug_macro   0x00000c7e       0x51 ./Src/PWM_Generation.o
 .debug_macro   0x00000ccf      0x103 ./Src/PWM_Generation.o
 .debug_macro   0x00000dd2       0x6a ./Src/PWM_Generation.o
 .debug_macro   0x00000e3c      0x1df ./Src/PWM_Generation.o
 .debug_macro   0x0000101b      0x6ca ./Src/PWM_Generation.o
 .debug_macro   0x000016e5       0xc4 ./Src/PWM_Generation.o
 .debug_macro   0x000017a9       0xca ./Src/PWM_Generation.o
 .debug_macro   0x00001873       0x16 ./Src/PWM_Generation.o
 .debug_macro   0x00001889       0x10 ./Src/PWM_Generation.o
 .debug_macro   0x00001899       0x88 ./Src/PWM_Generation.o
 .debug_macro   0x00001921       0xea ./drivers/Src/stm32l476xx_TIMx_driver.o
 .debug_macro   0x00001a0b       0xea ./drivers/Src/stm32l476xx_gpio_driver.o
 .debug_macro   0x00001af5       0xf0 ./drivers/Src/stm32l476xx_usart_driver.o
 .debug_macro   0x00001be5       0x7b ./drivers/Src/systick.o

.debug_line     0x00000000     0x22dd
 .debug_line    0x00000000      0x4ef ./Src/PWM_Generation.o
 .debug_line    0x000004ef       0x7b ./Startup/startup_stm32l476rgtx.o
 .debug_line    0x0000056a      0x64e ./drivers/Src/stm32l476xx_TIMx_driver.o
 .debug_line    0x00000bb8      0xa0e ./drivers/Src/stm32l476xx_gpio_driver.o
 .debug_line    0x000015c6      0x959 ./drivers/Src/stm32l476xx_usart_driver.o
 .debug_line    0x00001f1f      0x3be ./drivers/Src/systick.o

.debug_str      0x00000000     0x6c0c
 .debug_str     0x00000000     0x6c0c ./Src/PWM_Generation.o
                               0x67de (size before relaxing)
 .debug_str     0x00006c0c       0x99 ./Startup/startup_stm32l476rgtx.o
 .debug_str     0x00006c0c     0x67d3 ./drivers/Src/stm32l476xx_TIMx_driver.o
 .debug_str     0x00006c0c     0x68b3 ./drivers/Src/stm32l476xx_gpio_driver.o
 .debug_str     0x00006c0c     0x6944 ./drivers/Src/stm32l476xx_usart_driver.o
 .debug_str     0x00006c0c     0x3eda ./drivers/Src/systick.o

.comment        0x00000000       0x43
 .comment       0x00000000       0x43 ./Src/PWM_Generation.o
                                 0x44 (size before relaxing)
 .comment       0x00000043       0x44 ./drivers/Src/stm32l476xx_TIMx_driver.o
 .comment       0x00000043       0x44 ./drivers/Src/stm32l476xx_gpio_driver.o
 .comment       0x00000043       0x44 ./drivers/Src/stm32l476xx_usart_driver.o
 .comment       0x00000043       0x44 ./drivers/Src/systick.o

.debug_frame    0x00000000      0x698
 .debug_frame   0x00000000       0x30 ./Src/PWM_Generation.o
 .debug_frame   0x00000030       0x58 ./drivers/Src/stm32l476xx_TIMx_driver.o
 .debug_frame   0x00000088      0x1c8 ./drivers/Src/stm32l476xx_gpio_driver.o
 .debug_frame   0x00000250      0x190 ./drivers/Src/stm32l476xx_usart_driver.o
 .debug_frame   0x000003e0       0x94 ./drivers/Src/systick.o
 .debug_frame   0x00000474       0x30 /opt/st/stm32cubeide_1.19.0/plugins/com.st.stm32cube.ide.mcu.externaltools.gnu-tools-for-stm32.13.3.rel1.linux64_1.0.0.202410170706/tools/bin/../lib/gcc/arm-none-eabi/13.3.1/../../../../arm-none-eabi/lib/thumb/v7e-m+fp/hard/libc_nano.a(libc_a-atoi.o)
 .debug_frame   0x000004a4       0x64 /opt/st/stm32cubeide_1.19.0/plugins/com.st.stm32cube.ide.mcu.externaltools.gnu-tools-for-stm32.13.3.rel1.linux64_1.0.0.202410170706/tools/bin/../lib/gcc/arm-none-eabi/13.3.1/../../../../arm-none-eabi/lib/thumb/v7e-m+fp/hard/libc_nano.a(libc_a-strtol.o)
 .debug_frame   0x00000508      0x144 /opt/st/stm32cubeide_1.19.0/plugins/com.st.stm32cube.ide.mcu.externaltools.gnu-tools-for-stm32.13.3.rel1.linux64_1.0.0.202410170706/tools/bin/../lib/gcc/arm-none-eabi/13.3.1/../../../../arm-none-eabi/lib/thumb/v7e-m+fp/hard/libc_nano.a(libc_a-findfp.o)
 .debug_frame   0x0000064c       0x20 /opt/st/stm32cubeide_1.19.0/plugins/com.st.stm32cube.ide.mcu.externaltools.gnu-tools-for-stm32.13.3.rel1.linux64_1.0.0.202410170706/tools/bin/../lib/gcc/arm-none-eabi/13.3.1/../../../../arm-none-eabi/lib/thumb/v7e-m+fp/hard/libc_nano.a(libc_a-errno.o)
 .debug_frame   0x0000066c       0x2c /opt/st/stm32cubeide_1.19.0/plugins/com.st.stm32cube.ide.mcu.externaltools.gnu-tools-for-stm32.13.3.rel1.linux64_1.0.0.202410170706/tools/bin/../lib/gcc/arm-none-eabi/13.3.1/../../../../arm-none-eabi/lib/thumb/v7e-m+fp/hard/libc_nano.a(libc_a-init.o)

.debug_line_str
                0x00000000       0x7d
 .debug_line_str
                0x00000000       0x7d ./Startup/startup_stm32l476rgtx.o
