15:32:27 **** Incremental Build of configuration Debug for project HSE Measurement ****
make -j8 all 
arm-none-eabi-gcc "../Src/main.c" -mcpu=cortex-m4 -std=gnu11 -g3 -DDEBUG -DSTM32L4 -DSTM32 -DNUCLEO_L476RG -DSTM32L476RGTx -c -I../Inc -O0 -ffunction-sections -fdata-sections -Wall -fstack-usage -fcyclomatic-complexity -MMD -MP -MF"Src/main.d" -MT"Src/main.o" --specs=nano.specs -mfpu=fpv4-sp-d16 -mfloat-abi=hard -mthumb -o "Src/main.o"
../Src/main.c:22:4: warning: #warning "FPU is not initialized, but the project is compiling for an FPU. Please initialize the FPU before use." [-Wcpp]
   22 |   #warning "FPU is not initialized, but the project is compiling for an FPU. Please initialize the FPU before use."
      |    ^~~~~~~
arm-none-eabi-gcc -o "HSE Measurement.elf" @"objects.list"   -mcpu=cortex-m4 -T"C:\Users\matth_ik1hap6\Robotics\Embedded\MCU1\HSE Measurement\STM32L476RGTX_FLASH.ld" --specs=nosys.specs -Wl,-Map="HSE Measurement.map" -Wl,--gc-sections -static --specs=nano.specs -mfpu=fpv4-sp-d16 -mfloat-abi=hard -mthumb -Wl,--start-group -lc -lm -Wl,--end-group
Finished building target: HSE Measurement.elf
 
arm-none-eabi-size  HSE\ Measurement.elf 
arm-none-eabi-objdump -h -S HSE\ Measurement.elf  > "HSE Measurement.list"
   text	   data	    bss	    dec	    hex	filename
    824	      0	   1568	   2392	    958	HSE Measurement.elf
Finished building: default.size.stdout
 
Finished building: HSE Measurement.list
 

15:32:27 Build Finished. 0 errors, 1 warnings. (took 836ms)

