13:38:38 **** Incremental Build of configuration Debug for project SampleApp ****
make -j8 all 
arm-none-eabi-gcc "../Src/main.c" -mcpu=cortex-m4 -std=gnu11 -g3 -DDEBUG -DSTM32L4 -DSTM32 -DNUCLEO_L476RG -DSTM32L476RGTx -c -I../Inc -O0 -ffunction-sections -fdata-sections -Wall -fstack-usage -fcyclomatic-complexity -MMD -MP -MF"Src/main.d" -MT"Src/main.o" --specs=nano.specs -mfpu=fpv4-sp-d16 -mfloat-abi=hard -mthumb -o "Src/main.o"
arm-none-eabi-gcc -o "SampleApp.elf" @"objects.list"   -mcpu=cortex-m4 -T"C:\Users\matth_ik1hap6\Robotics\Embedded\MCU1\SampleApp\STM32L476RGTX_FLASH.ld" --specs=nosys.specs -Wl,-Map="SampleApp.map" -Wl,--gc-sections -static --specs=nano.specs -mfpu=fpv4-sp-d16 -mfloat-abi=hard -mthumb -Wl,--start-group -lc -lm -Wl,--end-group
Finished building target: SampleApp.elf
 
arm-none-eabi-size  SampleApp.elf 
arm-none-eabi-objdump -h -S SampleApp.elf  > "SampleApp.list"
   text	   data	    bss	    dec	    hex	filename
   6316	    164	   1900	   8380	   20bc	SampleApp.elf
Finished building: default.size.stdout
 
Finished building: SampleApp.list
 

13:38:39 Build Finished. 0 errors, 0 warnings. (took 767ms)

