08:31:27 **** Incremental Build of configuration Debug for project STM32L4xx_drivers ****
make -j8 all 
arm-none-eabi-gcc "../Src/SPITRY.c" -mcpu=cortex-m4 -std=gnu11 -g3 -DDEBUG -DSTM32L4 -DSTM32 -DNUCLEO_L476RG -DSTM32L476RGTx -c -I../Inc -I"C:/Users/matth_ik1hap6/Robotics/Embedded/MCU1/STM32L4xx_drivers/drivers/Inc" -O0 -ffunction-sections -fdata-sections -Wall -fstack-usage -fcyclomatic-complexity -MMD -MP -MF"Src/SPITRY.d" -MT"Src/SPITRY.o" --specs=nano.specs -mfpu=fpv4-sp-d16 -mfloat-abi=hard -mthumb -o "Src/SPITRY.o"
arm-none-eabi-gcc -o "STM32L4xx_drivers.elf" @"objects.list"   -mcpu=cortex-m4 -T"C:\Users\matth_ik1hap6\Robotics\Embedded\MCU1\STM32L4xx_drivers\STM32L476RGTX_FLASH.ld" --specs=nosys.specs -Wl,-Map="STM32L4xx_drivers.map" -Wl,--gc-sections -static --specs=nano.specs -mfpu=fpv4-sp-d16 -mfloat-abi=hard -mthumb -Wl,--start-group -lc -lm -Wl,--end-group
Finished building target: STM32L4xx_drivers.elf
 
arm-none-eabi-size  STM32L4xx_drivers.elf 
arm-none-eabi-objdump -h -S STM32L4xx_drivers.elf  > "STM32L4xx_drivers.list"
   text	   data	    bss	    dec	    hex	filename
    664	      0	   1568	   2232	    8b8	STM32L4xx_drivers.elf
Finished building: default.size.stdout
 
Finished building: STM32L4xx_drivers.list
 

08:31:28 Build Finished. 0 errors, 0 warnings. (took 854ms)

